Archive member included because of file (symbol)

c:/siliconlabs/simplicitystudio/v3/developer/toolchains/gnu_arm/4.8_2013q4/bin/../lib/gcc/arm-none-eabi/4.8.3/armv7-m\libgcc.a(_arm_addsubdf3.o)
                              ./src/LETimer.o (__aeabi_ui2d)
c:/siliconlabs/simplicitystudio/v3/developer/toolchains/gnu_arm/4.8_2013q4/bin/../lib/gcc/arm-none-eabi/4.8.3/armv7-m\libgcc.a(_arm_muldivdf3.o)
                              ./src/LETimer.o (__aeabi_dmul)
c:/siliconlabs/simplicitystudio/v3/developer/toolchains/gnu_arm/4.8_2013q4/bin/../lib/gcc/arm-none-eabi/4.8.3/armv7-m\libgcc.a(_arm_fixdfsi.o)
                              ./src/LETimer.o (__aeabi_d2iz)
c:/siliconlabs/simplicitystudio/v3/developer/toolchains/gnu_arm/4.8_2013q4/bin/../lib/gcc/arm-none-eabi/4.8.3/armv7-m\libgcc.a(_arm_addsubsf3.o)
                              ./src/dma.o (__aeabi_fsub)
c:/siliconlabs/simplicitystudio/v3/developer/toolchains/gnu_arm/4.8_2013q4/bin/../lib/gcc/arm-none-eabi/4.8.3/armv7-m\libgcc.a(_arm_muldivsf3.o)
                              ./src/LETimer.o (__aeabi_fmul)
c:/siliconlabs/simplicitystudio/v3/developer/toolchains/gnu_arm/4.8_2013q4/bin/../lib/gcc/arm-none-eabi/4.8.3/armv7-m\libgcc.a(_arm_cmpsf2.o)
                              ./src/LETimer.o (__aeabi_fcmplt)
c:/siliconlabs/simplicitystudio/v3/developer/toolchains/gnu_arm/4.8_2013q4/bin/../lib/gcc/arm-none-eabi/4.8.3/armv7-m\libgcc.a(_arm_fixunssfsi.o)
                              ./src/LETimer.o (__aeabi_f2uiz)
c:/siliconlabs/simplicitystudio/v3/developer/toolchains/gnu_arm/4.8_2013q4/bin/../lib/gcc/arm-none-eabi/4.8.3/armv7-m\libgcc.a(_aeabi_uldivmod.o)
                              ./emlib/em_usart.o (__aeabi_uldivmod)
c:/siliconlabs/simplicitystudio/v3/developer/toolchains/gnu_arm/4.8_2013q4/bin/../lib/gcc/arm-none-eabi/4.8.3/armv7-m\libgcc.a(bpabi.o)
                              c:/siliconlabs/simplicitystudio/v3/developer/toolchains/gnu_arm/4.8_2013q4/bin/../lib/gcc/arm-none-eabi/4.8.3/armv7-m\libgcc.a(_aeabi_uldivmod.o) (__gnu_uldivmod_helper)
c:/siliconlabs/simplicitystudio/v3/developer/toolchains/gnu_arm/4.8_2013q4/bin/../lib/gcc/arm-none-eabi/4.8.3/armv7-m\libgcc.a(_dvmd_tls.o)
                              c:/siliconlabs/simplicitystudio/v3/developer/toolchains/gnu_arm/4.8_2013q4/bin/../lib/gcc/arm-none-eabi/4.8.3/armv7-m\libgcc.a(_aeabi_uldivmod.o) (__aeabi_ldiv0)
c:/siliconlabs/simplicitystudio/v3/developer/toolchains/gnu_arm/4.8_2013q4/bin/../lib/gcc/arm-none-eabi/4.8.3/armv7-m\libgcc.a(_divdi3.o)
                              c:/siliconlabs/simplicitystudio/v3/developer/toolchains/gnu_arm/4.8_2013q4/bin/../lib/gcc/arm-none-eabi/4.8.3/armv7-m\libgcc.a(bpabi.o) (__divdi3)
c:/siliconlabs/simplicitystudio/v3/developer/toolchains/gnu_arm/4.8_2013q4/bin/../lib/gcc/arm-none-eabi/4.8.3/armv7-m\libgcc.a(_udivdi3.o)
                              c:/siliconlabs/simplicitystudio/v3/developer/toolchains/gnu_arm/4.8_2013q4/bin/../lib/gcc/arm-none-eabi/4.8.3/armv7-m\libgcc.a(bpabi.o) (__udivdi3)
c:/siliconlabs/simplicitystudio/v3/developer/toolchains/gnu_arm/4.8_2013q4/bin/../lib/gcc/arm-none-eabi/4.8.3/../../../../arm-none-eabi/lib/armv7-m\libc_s.a(lib_a-exit.o)
                              c:/siliconlabs/simplicitystudio/v3/developer/toolchains/gnu_arm/4.8_2013q4/bin/../lib/gcc/arm-none-eabi/4.8.3/../../../../arm-none-eabi/lib/armv7-m/crt0.o (exit)
c:/siliconlabs/simplicitystudio/v3/developer/toolchains/gnu_arm/4.8_2013q4/bin/../lib/gcc/arm-none-eabi/4.8.3/../../../../arm-none-eabi/lib/armv7-m\libc_s.a(lib_a-impure.o)
                              c:/siliconlabs/simplicitystudio/v3/developer/toolchains/gnu_arm/4.8_2013q4/bin/../lib/gcc/arm-none-eabi/4.8.3/../../../../arm-none-eabi/lib/armv7-m\libc_s.a(lib_a-exit.o) (_global_impure_ptr)
c:/siliconlabs/simplicitystudio/v3/developer/toolchains/gnu_arm/4.8_2013q4/bin/../lib/gcc/arm-none-eabi/4.8.3/../../../../arm-none-eabi/lib/armv7-m\libc_s.a(lib_a-init.o)
                              c:/siliconlabs/simplicitystudio/v3/developer/toolchains/gnu_arm/4.8_2013q4/bin/../lib/gcc/arm-none-eabi/4.8.3/../../../../arm-none-eabi/lib/armv7-m/crt0.o (__libc_init_array)
c:/siliconlabs/simplicitystudio/v3/developer/toolchains/gnu_arm/4.8_2013q4/bin/../lib/gcc/arm-none-eabi/4.8.3/../../../../arm-none-eabi/lib/armv7-m\libc_s.a(lib_a-memset.o)
                              c:/siliconlabs/simplicitystudio/v3/developer/toolchains/gnu_arm/4.8_2013q4/bin/../lib/gcc/arm-none-eabi/4.8.3/../../../../arm-none-eabi/lib/armv7-m/crt0.o (memset)
c:/siliconlabs/simplicitystudio/v3/developer/toolchains/gnu_arm/4.8_2013q4/bin/../lib/gcc/arm-none-eabi/4.8.3/../../../../arm-none-eabi/lib/armv7-m\libnosys.a(_exit.o)
                              c:/siliconlabs/simplicitystudio/v3/developer/toolchains/gnu_arm/4.8_2013q4/bin/../lib/gcc/arm-none-eabi/4.8.3/../../../../arm-none-eabi/lib/armv7-m\libc_s.a(lib_a-exit.o) (_exit)

Allocating common symbols
Common symbol       size              file

I2C_rx_buffer_index
[...]
Memory Configuration

Name             Origin             Length             Attributes
FLASH            0x00000000         0x00040000         xr
RAM              0x20000000         0x00008000         xrw
*default*        0x00000000         0xffffffff

Linker script and memory map

LOAD c:/siliconlabs/simplicitystudio/v3/developer/toolchains/gnu_arm/4.8_2013q4/bin/../lib/gcc/arm-none-eabi/4.8.3/armv7-m/crti.o
LOAD c:/siliconlabs/simplicitystudio/v3/developer/toolchains/gnu_arm/4.8_2013q4/bin/../lib/gcc/arm-none-eabi/4.8.3/armv7-m/crtbegin.o
LOAD c:/siliconlabs/simplicitystudio/v3/developer/toolchains/gnu_arm/4.8_2013q4/bin/../lib/gcc/arm-none-eabi/4.8.3/../../../../arm-none-eabi/lib/armv7-m/crt0.o
LOAD ./src/GPIO.o
LOAD ./src/InitDevice.o
LOAD ./src/LETimer.o
LOAD ./src/acmp.o
LOAD ./src/adc.o
LOAD ./src/clock.o
LOAD ./src/dma.o
LOAD ./src/dmactrl.o
LOAD ./src/i2c.o
LOAD ./src/main.o
LOAD ./src/sleep.o
LOAD ./src/tsl2651.o
LOAD ./emlib/em_acmp.o
LOAD ./emlib/em_adc.o
LOAD ./emlib/em_aes.o
LOAD ./emlib/em_assert.o
LOAD ./emlib/em_burtc.o
LOAD ./emlib/em_cmu.o
LOAD ./emlib/em_cryotimer.o
LOAD ./emlib/em_crypto.o
LOAD ./emlib/em_dac.o
LOAD ./emlib/em_dbg.o
LOAD ./emlib/em_dma.o
LOAD ./emlib/em_ebi.o
LOAD ./emlib/em_emu.o
LOAD ./emlib/em_gpcrc.o
LOAD ./emlib/em_gpio.o
LOAD ./emlib/em_i2c.o
LOAD ./emlib/em_idac.o
LOAD ./emlib/em_int.o
LOAD ./emlib/em_lcd.o
LOAD ./emlib/em_ldma.o
LOAD ./emlib/em_lesense.o
LOAD ./emlib/em_letimer.o
LOAD ./emlib/em_leuart.o
LOAD ./emlib/em_mpu.o
LOAD ./emlib/em_msc.o
LOAD ./emlib/em_opamp.o
LOAD ./emlib/em_pcnt.o
LOAD ./emlib/em_prs.o
LOAD ./emlib/em_rmu.o
LOAD ./emlib/em_rtc.o
LOAD ./emlib/em_rtcc.o
LOAD ./emlib/em_system.o
LOAD ./emlib/em_timer.o
LOAD ./emlib/em_usart.o
LOAD ./emlib/em_vcmp.o
LOAD ./emlib/em_wdog.o
LOAD ./CMSIS/efm32lg/startup_gcc_efm32lg.o
LOAD ./CMSIS/efm32lg/system_efm32lg.o
START GROUP
LOAD c:/siliconlabs/simplicitystudio/v3/developer/toolchains/gnu_arm/4.8_2013q4/bin/../lib/gcc/arm-none-eabi/4.8.3/armv7-m\libgcc.a
LOAD c:/siliconlabs/simplicitystudio/v3/developer/toolchains/gnu_arm/4.8_2013q4/bin/../lib/gcc/arm-none-eabi/4.8.3/../../../../arm-none-eabi/lib/armv7-m\libc_s.a
LOAD c:/siliconlabs/simplicitystudio/v3/developer/toolchains/gnu_arm/4.8_2013q4/bin/../lib/gcc/arm-none-eabi/4.8.3/../../../../arm-none-eabi/lib/armv7-m\libnosys.a
END GROUP
START GROUP
LOAD c:/siliconlabs/simplicitystudio/v3/developer/toolchains/gnu_arm/4.8_2013q4/bin/../lib/gcc/arm-none-eabi/4.8.3/armv7-m\libgcc.a
LOAD c:/siliconlabs/simplicitystudio/v3/developer/toolchains/gnu_arm/4.8_2013q4/bin/../lib/gcc/arm-none-eabi/4.8.3/../../../../arm-none-eabi/lib/armv7-m\libg_s.a
LOAD c:/siliconlabs/simplicitystudio/v3/developer/toolchains/gnu_arm/4.8_2013q4/bin/../lib/gcc/arm-none-eabi/4.8.3/../../../../arm-none-eabi/lib/armv7-m\libc_s.a
END GROUP
START GROUP
LOAD c:/siliconlabs/simplicitystudio/v3/developer/toolchains/gnu_arm/4.8_2013q4/bin/../lib/gcc/arm-none-eabi/4.8.3/armv7-m\libgcc.a
LOAD c:/siliconlabs/simplicitystudio/v3/developer/toolchains/gnu_arm/4.8_2013q4/bin/../lib/gcc/arm-none-eabi/4.8.3/../../../../arm-none-eabi/lib/armv7-m\libc_s.a
END GROUP
LOAD c:/siliconlabs/simplicitystudio/v3/developer/toolchains/gnu_arm/4.8_2013q4/bin/../lib/gcc/arm-none-eabi/4.8.3/armv7-m/crtend.o
LOAD c:/siliconlabs/simplicitystudio/v3/developer/toolchains/gnu_arm/4.8_2013q4/bin/../lib/gcc/arm-none-eabi/4.8.3/armv7-m/crtn.o

.text           0x00000000     0x4c00
 *(.vectors)
 .vectors       0x00000000       0xe0 ./CMSIS/efm32lg/startup_gcc_efm32lg.o
                0x00000000                __Vectors
                0x000000e0                __Vectors_End = .
                0x000000e0                __Vectors_Size = (__Vectors_End - __Vectors)
                0x000000e0                __end__ = .
 *(.text*)
 .text          0x000000e0       0x54 c:/siliconlabs/simplicitystudio/v3/developer/toolchains/gnu_arm/4.8_2013q4/bin/../lib/gcc/arm-none-eabi/4.8.3/armv7-m/crtbegin.o
 .text          0x00000134       0x74 c:/siliconlabs/simplicitystudio/v3/developer/toolchains/gnu_arm/4.8_2013q4/bin/../lib/gcc/arm-none-eabi/4.8.3/../../../../arm-none-eabi/lib/armv7-m/crt0.o
                0x00000134                _start
                0x00000134                _mainCRTStartup
 .text.GPIO_PinOutClear
                0x000001a8       0x58 ./src/GPIO.o
 .text.GPIO_PinOutSet
                0x00000200       0x58 ./src/GPIO.o
 .text.GPIO_PinOutToggle
                0x00000258       0x58 ./src/GPIO.o
 .text.GPIO_Init
                0x000002b0       0x90 ./src/GPIO.o
                0x000002b0                GPIO_Init
 .text.GPIO_on_off
                0x00000340       0x54 ./src/GPIO.o
                0x00000340                GPIO_on_off
 .text.NVIC_EnableIRQ
                0x00000394       0x30 ./src/LETimer.o
 .text.INT_Disable
                0x000003c4       0x2c ./src/LETimer.o
 .text.INT_Enable
                0x000003f0       0x3c ./src/LETimer.o
 .text.LETIMER_IntClear
                0x0000042c       0x1c ./src/LETimer.o
 .text.LETIMER_IntEnable
                0x00000448       0x20 ./src/LETimer.o
 .text.TIMER_Enable
                0x00000468       0x5c ./src/LETimer.o
 .text.ADC_Start
                0x000004c4       0x1c ./src/LETimer.o
 .text.LETimer0_Init
                0x000004e0      0x128 ./src/LETimer.o
                0x000004e0                LETimer0_Init
 .text.LETIMER0_IRQHandler
                0x00000608      0x188 ./src/LETimer.o
                0x00000608                LETIMER0_IRQHandler
 .text.DMAtransferComplete
                0x00000790       0xb4 ./src/LETimer.o
                0x00000790                DMAtransferComplete
 .text.LETimer_Calibrate
                0x00000844      0x1bc ./src/LETimer.o
                0x00000844                LETimer_Calibrate
 .text.ACMP_IntClear
                0x00000a00       0x1c ./src/acmp.o
 .text.INT_Disable
                0x00000a1c       0x2c ./src/acmp.o
 .text.INT_Enable
                0x00000a48       0x3c ./src/acmp.o
 .text.ACMP0_IRQHandler
                0x00000a84       0x1c ./src/acmp.o
                0x00000a84                ACMP0_IRQHandler
 .text.adc_init_fn
                0x00000aa0       0xac ./src/adc.o
                0x00000aa0                adc_init_fn
 .text.TIMER_IntClear
                0x00000b4c       0x1c ./src/clock.o
 .text.INT_Disable
                0x00000b68       0x2c ./src/clock.o
 .text.INT_Enable
                0x00000b94       0x3c ./src/clock.o
 .text.Clock_Init
                0x00000bd0       0x74 ./src/clock.o
                0x00000bd0                Clock_Init
 .text.TIMER0_IRQHandler
                0x00000c44       0x1c ./src/clock.o
                0x00000c44                TIMER0_IRQHandler
 .text.Timer_Init_fn
                0x00000c60       0x90 ./src/clock.o
                0x00000c60                Timer_Init_fn
 .text.convertToCelsius
                0x00000cf0       0x70 ./src/dma.o
                0x00000cf0                convertToCelsius
 .text.dma_init_fn
                0x00000d60       0x8c ./src/dma.o
                0x00000d60                dma_init_fn
 .text.I2C_IntClear
                0x00000dec       0x1c ./src/i2c.o
 .text.i2c_init_fn
                0x00000e08       0x94 ./src/i2c.o
                0x00000e08                i2c_init_fn
 .text.i2c_write
                0x00000e9c       0x54 ./src/i2c.o
                0x00000e9c                i2c_write
 .text.i2c_read
                0x00000ef0       0x58 ./src/i2c.o
                0x00000ef0                i2c_read
 .text.i2c_buffer_fill
                0x00000f48       0x74 ./src/i2c.o
                0x00000f48                i2c_buffer_fill
 .text.CHIP_Init
                0x00000fbc       0x40 ./src/main.o
 .text.main     0x00000ffc       0x4c ./src/main.o
                0x00000ffc                main
 .text.EMU_EnterEM1
                0x00001048       0x20 ./src/sleep.o
 .text.INT_Disable
                0x00001068       0x2c ./src/sleep.o
 .text.INT_Enable
                0x00001094       0x3c ./src/sleep.o
 .text.sleep    0x000010d0       0x40 ./src/sleep.o
                0x000010d0                sleep
 .text.BlockSleepMode
                0x00001110       0x2c ./src/sleep.o
                0x00001110                BlockSleepMode
 .text.UnBlockSleepMode
                0x0000113c       0x38 ./src/sleep.o
                0x0000113c                UnBlockSleepMode
 .text.NVIC_EnableIRQ
                0x00001174       0x30 ./src/tsl2651.o
 .text.NVIC_DisableIRQ
                0x000011a4       0x34 ./src/tsl2651.o
 .text.NVIC_ClearPendingIRQ
                0x000011d8       0x34 ./src/tsl2651.o
 .text.GPIO_IntClear
                0x0000120c       0x20 ./src/tsl2651.o
 .text.GPIO_IntGet
                0x0000122c       0x18 ./src/tsl2651.o
 .text.GPIO_PinOutClear
                0x00001244       0x58 ./src/tsl2651.o
 .text.GPIO_PinOutSet
                0x0000129c       0x58 ./src/tsl2651.o
 .text.GPIO_IntConfig
                0x000012f4       0x2c ./src/tsl2651.o
 .text.INT_Disable
                0x00001320       0x2c ./src/tsl2651.o
 .text.INT_Enable
                0x0000134c       0x3c ./src/tsl2651.o
 .text.tsl2651_write_regs_init
                0x00001388      0x128 ./src/tsl2651.o
                0x00001388                tsl2651_write_regs_init
 .text.tsl2651_enable
                0x000014b0       0x80 ./src/tsl2651.o
                0x000014b0                tsl2651_enable
 .text.tsl2651_disable
                0x00001530       0x98 ./src/tsl2651.o
                0x00001530                tsl2651_disable
 .text.GPIO_ODD_IRQHandler
                0x000015c8      0x158 ./src/tsl2651.o
                0x000015c8                GPIO_ODD_IRQHandler
 .text.ADC_LoadDevinfoCal
                0x00001720      0x120 ./emlib/em_adc.o
 .text.ADC_Init
                0x00001840       0x88 ./emlib/em_adc.o
                0x00001840                ADC_Init
 .text.ADC_InitSingle
                0x000018c8       0x98 ./emlib/em_adc.o
                0x000018c8                ADC_InitSingle
 .text.ADC_PrescaleCalc
                0x00001960       0x64 ./emlib/em_adc.o
                0x00001960                ADC_PrescaleCalc
 .text.ADC_TimebaseCalc
                0x000019c4       0x60 ./emlib/em_adc.o
                0x000019c4                ADC_TimebaseCalc
 .text.BUS_RegBitWrite
                0x00001a24       0x2c ./emlib/em_cmu.o
 .text.BUS_RegBitRead
                0x00001a50       0x2c ./emlib/em_cmu.o
 .text.CMU_DivToLog2
                0x00001a7c       0x34 ./emlib/em_cmu.o
 .text.SYSTEM_GetProdRev
                0x00001ab0       0x1c ./emlib/em_cmu.o
 .text.SYSTEM_GetFamily
                0x00001acc       0x20 ./emlib/em_cmu.o
 .text.maxFreqHfle
                0x00001aec       0x78 ./emlib/em_cmu.o
 .text.setHfLeConfig
                0x00001b64       0x3c ./emlib/em_cmu.o
 .text.getHfLeConfig
                0x00001ba0       0x2c ./emlib/em_cmu.o
 .text.auxClkGet
                0x00001bcc       0xb0 ./emlib/em_cmu.o
 .text.dbgClkGet
                0x00001c7c       0x40 ./emlib/em_cmu.o
 .text.flashWaitStateControl
                0x00001cbc       0xb8 ./emlib/em_cmu.o
 .text.flashWaitStateMax
                0x00001d74       0x14 ./emlib/em_cmu.o
 .text.lfClkGet
                0x00001d88       0xec ./emlib/em_cmu.o
 .text.syncReg  0x00001e74       0x34 ./emlib/em_cmu.o
 .text.usbCClkGet
                0x00001ea8       0x4c ./emlib/em_cmu.o
 .text.CMU_ClockEnable
                0x00001ef4       0xd8 ./emlib/em_cmu.o
                0x00001ef4                CMU_ClockEnable
 .text.CMU_ClockFreqGet
                0x00001fcc      0x1d8 ./emlib/em_cmu.o
                0x00001fcc                CMU_ClockFreqGet
 .text.CMU_ClockSelectGet
                0x000021a4      0x15c ./emlib/em_cmu.o
                0x000021a4                CMU_ClockSelectGet
 .text.CMU_ClockSelectSet
                0x00002300      0x2b8 ./emlib/em_cmu.o
                0x00002300                CMU_ClockSelectSet
 .text.CMU_OscillatorEnable
                0x000025b8       0xc0 ./emlib/em_cmu.o
                0x000025b8                CMU_OscillatorEnable
 .text.NVIC_EnableIRQ
                0x00002678       0x30 ./emlib/em_dma.o
 .text.NVIC_DisableIRQ
                0x000026a8       0x34 ./emlib/em_dma.o
 .text.NVIC_ClearPendingIRQ
                0x000026dc       0x34 ./emlib/em_dma.o
 .text.BUS_RegBitWrite
                0x00002710       0x2c ./emlib/em_dma.o
 .text.DMA_Prepare
                0x0000273c      0x108 ./emlib/em_dma.o
 .text.DMA_IRQHandler
                0x00002844       0xd8 ./emlib/em_dma.o
                0x00002844                DMA_IRQHandler
 .text.DMA_ActivateBasic
                0x0000291c       0x40 ./emlib/em_dma.o
                0x0000291c                DMA_ActivateBasic
 .text.DMA_CfgChannel
                0x0000295c       0x90 ./emlib/em_dma.o
                0x0000295c                DMA_CfgChannel
 .text.DMA_CfgDescr
                0x000029ec       0x70 ./emlib/em_dma.o
                0x000029ec                DMA_CfgDescr
 .text.DMA_Init
                0x00002a5c       0x54 ./emlib/em_dma.o
                0x00002a5c                DMA_Init
 .text.DMA_Reset
                0x00002ab0       0x88 ./emlib/em_dma.o
                0x00002ab0                DMA_Reset
 .text.SystemCoreClockUpdate
                0x00002b38        0xc ./emlib/em_emu.o
 .text.CMU_Lock
                0x00002b44       0x18 ./emlib/em_emu.o
 .text.CMU_Unlock
                0x00002b5c       0x1c ./emlib/em_emu.o
 .text.emuRestore
                0x00002b78       0xf0 ./emlib/em_emu.o
 .text.getErrataFixEmuE107En
                0x00002c68       0x68 ./emlib/em_emu.o
 .text.EMU_EnterEM2
                0x00002cd0       0x9c ./emlib/em_emu.o
                0x00002cd0                EMU_EnterEM2
 .text.EMU_EnterEM3
                0x00002d6c       0xbc ./emlib/em_emu.o
                0x00002d6c                EMU_EnterEM3
 .text.EMU_UpdateOscConfig
                0x00002e28       0x1c ./emlib/em_emu.o
                0x00002e28                EMU_UpdateOscConfig
 .text.BUS_RegBitWrite
                0x00002e44       0x2c ./emlib/em_gpio.o
 .text.BUS_RegMaskedWrite
                0x00002e70       0x28 ./emlib/em_gpio.o
 .text.GPIO_PinOutClear
                0x00002e98       0x58 ./emlib/em_gpio.o
 .text.GPIO_PinOutSet
                0x00002ef0       0x58 ./emlib/em_gpio.o
 .text.GPIO_DriveModeSet
                0x00002f48       0x70 ./emlib/em_gpio.o
                0x00002f48                GPIO_DriveModeSet
 .text.GPIO_ExtIntConfig
                0x00002fb8       0xcc ./emlib/em_gpio.o
                0x00002fb8                GPIO_ExtIntConfig
 .text.GPIO_PinModeSet
                0x00003084      0x110 ./emlib/em_gpio.o
                0x00003084                GPIO_PinModeSet
 .text.BUS_RegBitWrite
                0x00003194       0x2c ./emlib/em_i2c.o
 .text.BUS_RegMaskedWrite
                0x000031c0       0x28 ./emlib/em_i2c.o
 .text.I2C_BusFreqSet
                0x000031e8       0xfc ./emlib/em_i2c.o
                0x000031e8                I2C_BusFreqSet
 .text.I2C_Init
                0x000032e4       0x78 ./emlib/em_i2c.o
                0x000032e4                I2C_Init
 .text.I2C_Transfer
                0x0000335c      0x44c ./emlib/em_i2c.o
                0x0000335c                I2C_Transfer
 .text.I2C_TransferInit
                0x000037a8       0xe4 ./emlib/em_i2c.o
                0x000037a8                I2C_TransferInit
 .text.LETIMER_CompareSet
                0x0000388c       0x58 ./emlib/em_letimer.o
                0x0000388c                LETIMER_CompareSet
 .text.LETIMER_Enable
                0x000038e4       0x2c ./emlib/em_letimer.o
                0x000038e4                LETIMER_Enable
 .text.LETIMER_Init
                0x00003910       0xec ./emlib/em_letimer.o
                0x00003910                LETIMER_Init
 .text.SYSTEM_ChipRevisionGet
                0x000039fc       0x74 ./emlib/em_system.o
                0x000039fc                SYSTEM_ChipRevisionGet
 .text.TIMER_Init
                0x00003a70      0x10c ./emlib/em_timer.o
                0x00003a70                TIMER_Init
 .text          0x00003b7c       0x30 ./CMSIS/efm32lg/startup_gcc_efm32lg.o
                0x00003b7c                Reset_Handler
                0x00003ba8                DebugMon_Handler
                0x00003ba8                USART0_TX_IRQHandler
                0x00003ba8                I2C0_IRQHandler
                0x00003ba8                HardFault_Handler
                0x00003ba8                LEUART1_IRQHandler
                0x00003ba8                SysTick_Handler
                0x00003ba8                USART1_RX_IRQHandler
                0x00003ba8                PendSV_Handler
                0x00003ba8                NMI_Handler
                0x00003ba8                I2C1_IRQHandler
                0x00003ba8                TIMER3_IRQHandler
                0x00003ba8                USART1_TX_IRQHandler
                0x00003ba8                MSC_IRQHandler
                0x00003ba8                ADC0_IRQHandler
                0x00003ba8                UsageFault_Handler
                0x00003ba8                LEUART0_IRQHandler
                0x00003ba8                GPIO_EVEN_IRQHandler
                0x00003ba8                UART0_TX_IRQHandler
                0x00003ba8                UART1_TX_IRQHandler
                0x00003ba8                RTC_IRQHandler
                0x00003ba8                TIMER2_IRQHandler
                0x00003ba8                LCD_IRQHandler
                0x00003ba8                PCNT2_IRQHandler
                0x00003ba8                UART0_RX_IRQHandler
                0x00003ba8                TIMER1_IRQHandler
                0x00003ba8                USART2_RX_IRQHandler
                0x00003ba8                Default_Handler
                0x00003ba8                EMU_IRQHandler
                0x00003ba8                PCNT0_IRQHandler
                0x00003ba8                USB_IRQHandler
                0x00003ba8                BURTC_IRQHandler
                0x00003ba8                PCNT1_IRQHandler
                0x00003ba8                USART0_RX_IRQHandler
                0x00003ba8                MemManage_Handler
                0x00003ba8                SVC_Handler
                0x00003ba8                DAC0_IRQHandler
                0x00003ba8                UART1_RX_IRQHandler
                0x00003ba8                CMU_IRQHandler
                0x00003ba8                EBI_IRQHandler
                0x00003ba8                LESENSE_IRQHandler
                0x00003ba8                AES_IRQHandler
                0x00003ba8                VCMP_IRQHandler
                0x00003ba8                BusFault_Handler
                0x00003ba8                USART2_TX_IRQHandler
 .text.GetProdRev
                0x00003bac       0x1c ./CMSIS/efm32lg/system_efm32lg.o
 .text.SystemCoreClockGet
                0x00003bc8       0x34 ./CMSIS/efm32lg/system_efm32lg.o
                0x00003bc8                SystemCoreClockGet
 .text.SystemMaxCoreClockGet
                0x00003bfc       0x14 ./CMSIS/efm32lg/system_efm32lg.o
                0x00003bfc                SystemMaxCoreClockGet
 .text.SystemHFClockGet
                0x00003c10      0x100 ./CMSIS/efm32lg/system_efm32lg.o
                0x00003c10                SystemHFClockGet
 .text.SystemHFXOClockGet
                0x00003d10       0x18 ./CMSIS/efm32lg/system_efm32lg.o
                0x00003d10                SystemHFXOClockGet
 .text.SystemInit
                0x00003d28        0xc ./CMSIS/efm32lg/system_efm32lg.o
                0x00003d28                SystemInit
 .text.SystemLFRCOClockGet
                0x00003d34       0x14 ./CMSIS/efm32lg/system_efm32lg.o
                0x00003d34                SystemLFRCOClockGet
 .text.SystemULFRCOClockGet
                0x00003d48       0x14 ./CMSIS/efm32lg/system_efm32lg.o
                0x00003d48                SystemULFRCOClockGet
 .text.SystemLFXOClockGet
                0x00003d5c       0x18 ./CMSIS/efm32lg/system_efm32lg.o
                0x00003d5c                SystemLFXOClockGet
 .text          0x00003d74      0x370 c:/siliconlabs/simplicitystudio/v3/developer/toolchains/gnu_arm/4.8_2013q4/bin/../lib/gcc/arm-none-eabi/4.8.3/armv7-m\libgcc.a(_arm_addsubdf3.o)
                0x00003d74                __aeabi_drsub
                0x00003d7c                __aeabi_dsub
                0x00003d7c                __subdf3
                0x00003d80                __aeabi_dadd
                0x00003d80                __adddf3
                0x00003ff8                __floatunsidf
                0x00003ff8                __aeabi_ui2d
                0x00004018                __floatsidf
                0x00004018                __aeabi_i2d
                0x0000403c                __aeabi_f2d
                0x0000403c                __extendsfdf2
                0x00004078                __floatundidf
                0x00004078                __aeabi_ul2d
                0x00004088                __floatdidf
                0x00004088                __aeabi_l2d
 .text          0x000040e4      0x424 c:/siliconlabs/simplicitystudio/v3/developer/toolchains/gnu_arm/4.8_2013q4/bin/../lib/gcc/arm-none-eabi/4.8.3/armv7-m\libgcc.a(_arm_muldivdf3.o)
                0x000040e4                __aeabi_dmul
                0x000040e4                __muldf3
                0x00004338                __divdf3
                0x00004338                __aeabi_ddiv
 .text          0x00004508       0x50 c:/siliconlabs/simplicitystudio/v3/developer/toolchains/gnu_arm/4.8_2013q4/bin/../lib/gcc/arm-none-eabi/4.8.3/armv7-m\libgcc.a(_arm_fixdfsi.o)
                0x00004508                __aeabi_d2iz
                0x00004508                __fixdfsi
 .text          0x00004558      0x21c c:/siliconlabs/simplicitystudio/v3/developer/toolchains/gnu_arm/4.8_2013q4/bin/../lib/gcc/arm-none-eabi/4.8.3/armv7-m\libgcc.a(_arm_addsubsf3.o)
                0x00004558                __aeabi_frsub
                0x00004560                __subsf3
                0x00004560                __aeabi_fsub
                0x00004564                __aeabi_fadd
                0x00004564                __addsf3
                0x000046c4                __aeabi_ui2f
                0x000046c4                __floatunsisf
                0x000046cc                __aeabi_i2f
                0x000046cc                __floatsisf
                0x000046e8                __aeabi_ul2f
                0x000046e8                __floatundisf
                0x000046f8                __aeabi_l2f
                0x000046f8                __floatdisf
 .text          0x00004774      0x2a0 c:/siliconlabs/simplicitystudio/v3/developer/toolchains/gnu_arm/4.8_2013q4/bin/../lib/gcc/arm-none-eabi/4.8.3/armv7-m\libgcc.a(_arm_muldivsf3.o)
                0x00004774                __mulsf3
                0x00004774                __aeabi_fmul
                0x000048dc                __aeabi_fdiv
                0x000048dc                __divsf3
 .text          0x00004a14       0xec c:/siliconlabs/simplicitystudio/v3/developer/toolchains/gnu_arm/4.8_2013q4/bin/../lib/gcc/arm-none-eabi/4.8.3/armv7-m\libgcc.a(_arm_cmpsf2.o)
                0x00004a14                __gesf2
                0x00004a14                __gtsf2
                0x00004a1c                __lesf2
                0x00004a1c                __ltsf2
                0x00004a24                __nesf2
                0x00004a24                __eqsf2
                0x00004a24                __cmpsf2
                0x00004a84                __aeabi_cfrcmple
                0x00004a8c                __aeabi_cfcmpeq
                0x00004a8c                __aeabi_cfcmple
                0x00004a9c                __aeabi_fcmpeq
                0x00004ab0                __aeabi_fcmplt
                0x00004ac4                __aeabi_fcmple
                0x00004ad8                __aeabi_fcmpge
                0x00004aec                __aeabi_fcmpgt
 .text          0x00004b00       0x40 c:/siliconlabs/simplicitystudio/v3/developer/toolchains/gnu_arm/4.8_2013q4/bin/../lib/gcc/arm-none-eabi/4.8.3/armv7-m\libgcc.a(_arm_fixunssfsi.o)
                0x00004b00                __fixunssfsi
                0x00004b00                __aeabi_f2uiz
 .text.exit     0x00004b40       0x28 c:/siliconlabs/simplicitystudio/v3/developer/toolchains/gnu_arm/4.8_2013q4/bin/../lib/gcc/arm-none-eabi/4.8.3/../../../../arm-none-eabi/lib/armv7-m\libc_s.a(lib_a-exit.o)
                0x00004b40                exit
 .text.__libc_init_array
                0x00004b68       0x4c c:/siliconlabs/simplicitystudio/v3/developer/toolchains/gnu_arm/4.8_2013q4/bin/../lib/gcc/arm-none-eabi/4.8.3/../../../../arm-none-eabi/lib/armv7-m\libc_s.a(lib_a-init.o)
                0x00004b68                __libc_init_array
 .text.memset   0x00004bb4       0x10 c:/siliconlabs/simplicitystudio/v3/developer/toolchains/gnu_arm/4.8_2013q4/bin/../lib/gcc/arm-none-eabi/4.8.3/../../../../arm-none-eabi/lib/armv7-m\libc_s.a(lib_a-memset.o)
                0x00004bb4                memset
 .text._exit    0x00004bc4        0x4 c:/siliconlabs/simplicitystudio/v3/developer/toolchains/gnu_arm/4.8_2013q4/bin/../lib/gcc/arm-none-eabi/4.8.3/../../../../arm-none-eabi/lib/armv7-m\libnosys.a(_exit.o)
                0x00004bc4                _exit
 *(.init)
 .init          0x00004bc8        0x4 c:/siliconlabs/simplicitystudio/v3/developer/toolchains/gnu_arm/4.8_2013q4/bin/../lib/gcc/arm-none-eabi/4.8.3/armv7-m/crti.o
                0x00004bc8                _init
 .init          0x00004bcc        0x8 c:/siliconlabs/simplicitystudio/v3/developer/toolchains/gnu_arm/4.8_2013q4/bin/../lib/gcc/arm-none-eabi/4.8.3/armv7-m/crtn.o
 *(.fini)
 .fini          0x00004bd4        0x4 c:/siliconlabs/simplicitystudio/v3/developer/toolchains/gnu_arm/4.8_2013q4/bin/../lib/gcc/arm-none-eabi/4.8.3/armv7-m/crti.o
                0x00004bd4                _fini
 .fini          0x00004bd8        0x8 c:/siliconlabs/simplicitystudio/v3/developer/toolchains/gnu_arm/4.8_2013q4/bin/../lib/gcc/arm-none-eabi/4.8.3/armv7-m/crtn.o
 *crtbegin.o(.ctors)
 *crtbegin?.o(.ctors)
 *(EXCLUDE_FILE(*crtend.o *crtend?.o) .ctors)
 *(SORT(.ctors.*))
 *(.ctors)
 *crtbegin.o(.dtors)
 *crtbegin?.o(.dtors)
 *(EXCLUDE_FILE(*crtend.o *crtend?.o) .dtors)
 *(SORT(.dtors.*))
 *(.dtors)
 *(.rodata*)
 .rodata        0x00004be0       0x10 ./src/i2c.o
 .rodata.i2cNSum
                0x00004bf0        0x4 ./emlib/em_i2c.o
 .rodata.str1.1
                0x00004bf4        0x2 c:/siliconlabs/simplicitystudio/v3/developer/toolchains/gnu_arm/4.8_2013q4/bin/../lib/gcc/arm-none-eabi/4.8.3/../../../../arm-none-eabi/lib/armv7-m\libc_s.a(lib_a-impure.o)
 *fill*         0x00004bf6        0x2 
 .rodata._global_impure_ptr
                0x00004bf8        0x4 c:/siliconlabs/simplicitystudio/v3/developer/toolchains/gnu_arm/4.8_2013q4/bin/../lib/gcc/arm-none-eabi/4.8.3/../../../../arm-none-eabi/lib/armv7-m\libc_s.a(lib_a-impure.o)
                0x00004bf8                _global_impure_ptr
 *(.eh_frame*)
 .eh_frame      0x00004bfc        0x0 c:/siliconlabs/simplicitystudio/v3/developer/toolchains/gnu_arm/4.8_2013q4/bin/../lib/gcc/arm-none-eabi/4.8.3/armv7-m/crtbegin.o
 .eh_frame      0x00004bfc        0x4 c:/siliconlabs/simplicitystudio/v3/developer/toolchains/gnu_arm/4.8_2013q4/bin/../lib/gcc/arm-none-eabi/4.8.3/armv7-m/crtend.o

.glue_7         0x00004c00        0x0
 .glue_7        0x00000000        0x0 linker stubs

.glue_7t        0x00004c00        0x0
 .glue_7t       0x00000000        0x0 linker stubs

.vfp11_veneer   0x00004c00        0x0
 .vfp11_veneer  0x00000000        0x0 linker stubs

.v4_bx          0x00004c00        0x0
 .v4_bx         0x00000000        0x0 linker stubs

.iplt           0x00004c00        0x0
 .iplt          0x00000000        0x0 c:/siliconlabs/simplicitystudio/v3/developer/toolchains/gnu_arm/4.8_2013q4/bin/../lib/gcc/arm-none-eabi/4.8.3/armv7-m/crtbegin.o

.ARM.extab
 *(.ARM.extab* .gnu.linkonce.armextab.*)
                0x00004c00                __exidx_start = .

.ARM.exidx      0x00004c00        0x8
 *(.ARM.exidx* .gnu.linkonce.armexidx.*)
 .ARM.exidx     0x00004c00        0x8 c:/siliconlabs/simplicitystudio/v3/developer/toolchains/gnu_arm/4.8_2013q4/bin/../lib/gcc/arm-none-eabi/4.8.3/../../../../arm-none-eabi/lib/armv7-m/crt0.o
                0x00004c08                __exidx_end = .
                0x00004c08                __etext = .

.rel.dyn        0x00004c08        0x0
 .rel.iplt      0x00000000        0x0 c:/siliconlabs/simplicitystudio/v3/developer/toolchains/gnu_arm/4.8_2013q4/bin/../lib/gcc/arm-none-eabi/4.8.3/armv7-m/crtbegin.o

.data           0x20000000       0x78 load address 0x00004c08
                0x20000000                __data_start__ = .
 *(vtable)
 *(.data*)
 .data.I2C_tx_buffer_size
                0x20000000        0x1 ./src/i2c.o
                0x20000000                I2C_tx_buffer_size
 .data.I2C_tx_buffer_size1
                0x20000001        0x1 ./src/i2c.o
                0x20000001                I2C_tx_buffer_size1
 .data.I2C_rx_buffer_size
                0x20000002        0x1 ./src/i2c.o
                0x20000002                I2C_rx_buffer_size
 *fill*         0x20000003        0x1 
 .data.SystemHFXOClock
                0x20000004        0x4 ./CMSIS/efm32lg/system_efm32lg.o
 .data.SystemLFXOClock
                0x20000008        0x4 ./CMSIS/efm32lg/system_efm32lg.o
 .data.impure_data
                0x2000000c       0x60 c:/siliconlabs/simplicitystudio/v3/developer/toolchains/gnu_arm/4.8_2013q4/bin/../lib/gcc/arm-none-eabi/4.8.3/../../../../arm-none-eabi/lib/armv7-m\libc_s.a(lib_a-impure.o)
                0x2000006c                . = ALIGN (0x4)
 *(.ram)
                0x2000006c                . = ALIGN (0x4)
                0x2000006c                PROVIDE (__preinit_array_start, .)
 *(.preinit_array)
                0x2000006c                PROVIDE (__preinit_array_end, .)
                0x2000006c                . = ALIGN (0x4)
                0x2000006c                PROVIDE (__init_array_start, .)
 *(SORT(.init_array.*))
 *(.init_array)
 .init_array    0x2000006c        0x4 c:/siliconlabs/simplicitystudio/v3/developer/toolchains/gnu_arm/4.8_2013q4/bin/../lib/gcc/arm-none-eabi/4.8.3/armv7-m/crtbegin.o
                0x20000070                PROVIDE (__init_array_end, .)
                0x20000070                . = ALIGN (0x4)
                0x20000070                PROVIDE (__fini_array_start, .)
 *(SORT(.fini_array.*))
 *(.fini_array)
 .fini_array    0x20000070        0x4 c:/siliconlabs/simplicitystudio/v3/developer/toolchains/gnu_arm/4.8_2013q4/bin/../lib/gcc/arm-none-eabi/4.8.3/armv7-m/crtbegin.o
                0x20000074                PROVIDE (__fini_array_end, .)
 *(.jcr*)
 .jcr           0x20000074        0x0 c:/siliconlabs/simplicitystudio/v3/developer/toolchains/gnu_arm/4.8_2013q4/bin/../lib/gcc/arm-none-eabi/4.8.3/armv7-m/crtbegin.o
 .jcr           0x20000074        0x4 c:/siliconlabs/simplicitystudio/v3/developer/toolchains/gnu_arm/4.8_2013q4/bin/../lib/gcc/arm-none-eabi/4.8.3/armv7-m/crtend.o
                0x20000078                . = ALIGN (0x4)
                0x20000078                __data_end__ = .

.igot.plt       0x20000078        0x0 load address 0x00004c80
 .igot.plt      0x00000000        0x0 c:/siliconlabs/simplicitystudio/v3/developer/toolchains/gnu_arm/4.8_2013q4/bin/../lib/gcc/arm-none-eabi/4.8.3/armv7-m/crtbegin.o

.bss            0x20000100      0xb14 load address 0x00004e00
                0x20000100                . = ALIGN (0x4)
                0x20000100                __bss_start__ = .
 *(.bss*)
 .bss           0x20000100       0x1c c:/siliconlabs/simplicitystudio/v3/developer/toolchains/gnu_arm/4.8_2013q4/bin/../lib/gcc/arm-none-eabi/4.8.3/armv7-m/crtbegin.o
 .bss.secs_flag.7230
                0x2000011c        0x4 ./src/LETimer.o
 .bss.TSL2651_period_flag.7232
                0x20000120        0x1 ./src/LETimer.o
 *fill*         0x20000121        0x3 
 .bss.I2C_tx_buffer
                0x20000124        0x4 ./src/i2c.o
                0x20000124                I2C_tx_buffer
 .bss.I2C_tx_buffer1
                0x20000128        0x4 ./src/i2c.o
                0x20000128                I2C_tx_buffer1
 .bss.sleep_block_counter
                0x2000012c       0x10 ./src/sleep.o
                0x2000012c                sleep_block_counter
 .bss.reg_I2C_tx_buffer_write
                0x2000013c        0x4 ./src/tsl2651.o
                0x2000013c                reg_I2C_tx_buffer_write
 .bss.reg_I2C_tx_buffer_read
                0x20000140        0x4 ./src/tsl2651.o
                0x20000140                reg_I2C_tx_buffer_read
 .bss.low_high_flag
                0x20000144        0x1 ./src/tsl2651.o
                0x20000144                low_high_flag
 *fill*         0x20000145        0x3 
 .bss.count.5363
                0x20000148        0x4 ./src/tsl2651.o
 .bss.threshold_flag.5364
                0x2000014c        0x1 ./src/tsl2651.o
 *fill*         0x2000014d        0x3 
 .bss.cmuStatus
                0x20000150        0x4 ./emlib/em_emu.o
 .bss.i2cTransfer
                0x20000154       0x18 ./emlib/em_i2c.o
 .bss.INT_LockCnt
                0x2000016c        0x4 ./emlib/em_int.o
                0x2000016c                INT_LockCnt
 *(COMMON)
 COMMON         0x20000170        0x4 ./src/GPIO.o
                0x20000170                self_calibration_ratio
 COMMON         0x20000174      0x7d4 ./src/LETimer.o
                0x20000174                ACMP_Out_flag
                0x20000178                ADC_data_buffer
 COMMON         0x20000948        0xc ./src/dma.o
                0x20000948                ADC_callback
 *fill*         0x20000954       0xac 
 COMMON         0x20000a00      0x200 ./src/dmactrl.o
                0x20000a00                dmaControlBlock
 COMMON         0x20000c00        0xf ./src/i2c.o
                0x20000c00                I2C_rx_buffer_index
                0x20000c01                I2C_rx_active
                0x20000c02                I2C_tx_start
                0x20000c04                I2C_rx_buffer
                0x20000c0e                I2C_tx_buffer_index
 *fill*         0x20000c0f        0x1 
 COMMON         0x20000c10        0x4 ./CMSIS/efm32lg/system_efm32lg.o
                0x20000c10                SystemCoreClock
                0x20000c14                . = ALIGN (0x4)
                0x20000c14                __bss_end__ = .

.heap           0x20000c18      0xc00
                0x20000c18                __HeapBase = .
                0x20000c18                __end__ = .
                0x20000c18                end = __end__
                0x20000c18                _end = __end__
 *(.heap*)
 .heap          0x20000c18      0xc00 ./CMSIS/efm32lg/startup_gcc_efm32lg.o
                0x20001818                __HeapLimit = .

.stack_dummy    0x20000c18      0x400
 *(.stack*)
 .stack         0x20000c18      0x400 ./CMSIS/efm32lg/startup_gcc_efm32lg.o
                0x20008000                __StackTop = (ORIGIN (RAM) + 0x8000)
                0x20007c00                __StackLimit = (__StackTop - SIZEOF (.stack_dummy))
                0x20008000                PROVIDE (__stack, __StackTop)
                0x00000001                ASSERT ((__StackLimit >= __HeapLimit), region RAM overflowed with stack)
                0x00000001                ASSERT ((0x40000 >= (__etext + SIZEOF (.data))), FLASH memory overflowed !)
OUTPUT(Assignment5.axf elf32-littlearm)

.ARM.attributes
                0x00000000       0x29
 .ARM.attributes
                0x00000000       0x1d c:/siliconlabs/simplicitystudio/v3/developer/toolchains/gnu_arm/4.8_2013q4/bin/../lib/gcc/arm-none-eabi/4.8.3/armv7-m/crti.o
 .ARM.attributes
                0x0000001d       0x2d c:/siliconlabs/simplicitystudio/v3/developer/toolchains/gnu_arm/4.8_2013q4/bin/../lib/gcc/arm-none-eabi/4.8.3/armv7-m/crtbegin.o
 .ARM.attributes
                0x0000004a       0x1b c:/siliconlabs/simplicitystudio/v3/developer/toolchains/gnu_arm/4.8_2013q4/bin/../lib/gcc/arm-none-eabi/4.8.3/../../../../arm-none-eabi/lib/armv7-m/crt0.o
 .ARM.attributes
                0x00000065       0x33 ./src/GPIO.o
 .ARM.attributes
                0x00000098       0x33 ./src/LETimer.o
 .ARM.attributes
                0x000000cb       0x33 ./src/acmp.o
 .ARM.attributes
                0x000000fe       0x33 ./src/adc.o
 .ARM.attributes
                0x00000131       0x33 ./src/clock.o
 .ARM.attributes
                0x00000164       0x33 ./src/dma.o
 .ARM.attributes
                0x00000197       0x33 ./src/dmactrl.o
 .ARM.attributes
                0x000001ca       0x33 ./src/i2c.o
 .ARM.attributes
                0x000001fd       0x33 ./src/main.o
 .ARM.attributes
                0x00000230       0x33 ./src/sleep.o
 .ARM.attributes
                0x00000263       0x33 ./src/tsl2651.o
 .ARM.attributes
                0x00000296       0x33 ./emlib/em_adc.o
 .ARM.attributes
                0x000002c9       0x33 ./emlib/em_cmu.o
 .ARM.attributes
                0x000002fc       0x33 ./emlib/em_dma.o
 .ARM.attributes
                0x0000032f       0x33 ./emlib/em_emu.o
 .ARM.attributes
                0x00000362       0x33 ./emlib/em_gpio.o
 .ARM.attributes
                0x00000395       0x33 ./emlib/em_i2c.o
 .ARM.attributes
                0x000003c8       0x33 ./emlib/em_int.o
 .ARM.attributes
                0x000003fb       0x33 ./emlib/em_letimer.o
 .ARM.attributes
                0x0000042e       0x33 ./emlib/em_system.o
 .ARM.attributes
                0x00000461       0x33 ./emlib/em_timer.o
 .ARM.attributes
                0x00000494       0x1b ./CMSIS/efm32lg/startup_gcc_efm32lg.o
 .ARM.attributes
                0x000004af       0x33 ./CMSIS/efm32lg/system_efm32lg.o
 .ARM.attributes
                0x000004e2       0x1d c:/siliconlabs/simplicitystudio/v3/developer/toolchains/gnu_arm/4.8_2013q4/bin/../lib/gcc/arm-none-eabi/4.8.3/armv7-m\libgcc.a(_arm_addsubdf3.o)
 .ARM.attributes
                0x000004ff       0x1d c:/siliconlabs/simplicitystudio/v3/developer/toolchains/gnu_arm/4.8_2013q4/bin/../lib/gcc/arm-none-eabi/4.8.3/armv7-m\libgcc.a(_arm_muldivdf3.o)
 .ARM.attributes
                0x0000051c       0x1d c:/siliconlabs/simplicitystudio/v3/developer/toolchains/gnu_arm/4.8_2013q4/bin/../lib/gcc/arm-none-eabi/4.8.3/armv7-m\libgcc.a(_arm_fixdfsi.o)
 .ARM.attributes
                0x00000539       0x1d c:/siliconlabs/simplicitystudio/v3/developer/toolchains/gnu_arm/4.8_2013q4/bin/../lib/gcc/arm-none-eabi/4.8.3/armv7-m\libgcc.a(_arm_addsubsf3.o)
 .ARM.attributes
                0x00000556       0x1d c:/siliconlabs/simplicitystudio/v3/developer/toolchains/gnu_arm/4.8_2013q4/bin/../lib/gcc/arm-none-eabi/4.8.3/armv7-m\libgcc.a(_arm_muldivsf3.o)
 .ARM.attributes
                0x00000573       0x1d c:/siliconlabs/simplicitystudio/v3/developer/toolchains/gnu_arm/4.8_2013q4/bin/../lib/gcc/arm-none-eabi/4.8.3/armv7-m\libgcc.a(_arm_cmpsf2.o)
 .ARM.attributes
                0x00000590       0x1d c:/siliconlabs/simplicitystudio/v3/developer/toolchains/gnu_arm/4.8_2013q4/bin/../lib/gcc/arm-none-eabi/4.8.3/armv7-m\libgcc.a(_arm_fixunssfsi.o)
 .ARM.attributes
                0x000005ad       0x2d c:/siliconlabs/simplicitystudio/v3/developer/toolchains/gnu_arm/4.8_2013q4/bin/../lib/gcc/arm-none-eabi/4.8.3/../../../../arm-none-eabi/lib/armv7-m\libc_s.a(lib_a-exit.o)
 .ARM.attributes
                0x000005da       0x2d c:/siliconlabs/simplicitystudio/v3/developer/toolchains/gnu_arm/4.8_2013q4/bin/../lib/gcc/arm-none-eabi/4.8.3/../../../../arm-none-eabi/lib/armv7-m\libc_s.a(lib_a-impure.o)
 .ARM.attributes
                0x00000607       0x2d c:/siliconlabs/simplicitystudio/v3/developer/toolchains/gnu_arm/4.8_2013q4/bin/../lib/gcc/arm-none-eabi/4.8.3/../../../../arm-none-eabi/lib/armv7-m\libc_s.a(lib_a-init.o)
 .ARM.attributes
                0x00000634       0x2d c:/siliconlabs/simplicitystudio/v3/developer/toolchains/gnu_arm/4.8_2013q4/bin/../lib/gcc/arm-none-eabi/4.8.3/../../../../arm-none-eabi/lib/armv7-m\libc_s.a(lib_a-memset.o)
 .ARM.attributes
                0x00000661       0x2d c:/siliconlabs/simplicitystudio/v3/developer/toolchains/gnu_arm/4.8_2013q4/bin/../lib/gcc/arm-none-eabi/4.8.3/../../../../arm-none-eabi/lib/armv7-m\libnosys.a(_exit.o)
 .ARM.attributes
                0x0000068e       0x2d c:/siliconlabs/simplicitystudio/v3/developer/toolchains/gnu_arm/4.8_2013q4/bin/../lib/gcc/arm-none-eabi/4.8.3/armv7-m/crtend.o
 .ARM.attributes
                0x000006bb       0x1d c:/siliconlabs/simplicitystudio/v3/developer/toolchains/gnu_arm/4.8_2013q4/bin/../lib/gcc/arm-none-eabi/4.8.3/armv7-m/crtn.o

.comment        0x00000000       0x70
 .comment       0x00000000       0x70 ./src/GPIO.o
                                 0x71 (size before relaxing)
 .comment       0x00000000       0x71 ./src/LETimer.o
 .comment       0x00000000       0x71 ./src/acmp.o
 .comment       0x00000000       0x71 ./src/adc.o
 .comment       0x00000000       0x71 ./src/clock.o
 .comment       0x00000000       0x71 ./src/dma.o
 .comment       0x00000000       0x71 ./src/dmactrl.o
 .comment       0x00000000       0x71 ./src/i2c.o
 .comment       0x00000000       0x71 ./src/main.o
 .comment       0x00000000       0x71 ./src/sleep.o
 .comment       0x00000000       0x71 ./src/tsl2651.o
 .comment       0x00000000       0x71 ./emlib/em_adc.o
 .comment       0x00000000       0x71 ./emlib/em_cmu.o
 .comment       0x00000000       0x71 ./emlib/em_dma.o
 .comment       0x00000000       0x71 ./emlib/em_emu.o
 .comment       0x00000000       0x71 ./emlib/em_gpio.o
 .comment       0x00000000       0x71 ./emlib/em_i2c.o
 .comment       0x00000000       0x71 ./emlib/em_int.o
 .comment       0x00000000       0x71 ./emlib/em_letimer.o
 .comment       0x00000000       0x71 ./emlib/em_system.o
 .comment       0x00000000       0x71 ./emlib/em_timer.o
 .comment       0x00000000       0x71 ./CMSIS/efm32lg/system_efm32lg.o

.debug_info     0x00000000     0xab58
 .debug_info    0x00000000      0x636 ./src/GPIO.o
 .debug_info    0x00000636     0x11e1 ./src/LETimer.o
 .debug_info    0x00001817      0x56c ./src/acmp.o
 .debug_info    0x00001d83      0x70b ./src/adc.o
 .debug_info    0x0000248e      0x77c ./src/clock.o
 .debug_info    0x00002c0a      0x585 ./src/dma.o
 .debug_info    0x0000318f      0x113 ./src/dmactrl.o
 .debug_info    0x000032a2      0x69e ./src/i2c.o
 .debug_info    0x00003940      0x1a0 ./src/main.o
 .debug_info    0x00003ae0      0x3e9 ./src/sleep.o
 .debug_info    0x00003ec9      0x924 ./src/tsl2651.o
 .debug_info    0x000047ed      0xa70 ./emlib/em_adc.o
 .debug_info    0x0000525d     0x1390 ./emlib/em_cmu.o
 .debug_info    0x000065ed     0x12bd ./emlib/em_dma.o
 .debug_info    0x000078aa      0xd80 ./emlib/em_emu.o
 .debug_info    0x0000862a      0x648 ./emlib/em_gpio.o
 .debug_info    0x00008c72      0x841 ./emlib/em_i2c.o
 .debug_info    0x000094b3       0xa6 ./emlib/em_int.o
 .debug_info    0x00009559      0x502 ./emlib/em_letimer.o
 .debug_info    0x00009a5b      0x245 ./emlib/em_system.o
 .debug_info    0x00009ca0      0x8cd ./emlib/em_timer.o
 .debug_info    0x0000a56d       0x8a ./CMSIS/efm32lg/startup_gcc_efm32lg.o
 .debug_info    0x0000a5f7      0x561 ./CMSIS/efm32lg/system_efm32lg.o

.debug_abbrev   0x00000000     0x246c
 .debug_abbrev  0x00000000      0x16d ./src/GPIO.o
 .debug_abbrev  0x0000016d      0x296 ./src/LETimer.o
 .debug_abbrev  0x00000403      0x19a ./src/acmp.o
 .debug_abbrev  0x0000059d      0x146 ./src/adc.o
 .debug_abbrev  0x000006e3      0x1c4 ./src/clock.o
 .debug_abbrev  0x000008a7      0x14a ./src/dma.o
 .debug_abbrev  0x000009f1       0x98 ./src/dmactrl.o
 .debug_abbrev  0x00000a89      0x1ca ./src/i2c.o
 .debug_abbrev  0x00000c53       0xf7 ./src/main.o
 .debug_abbrev  0x00000d4a      0x198 ./src/sleep.o
 .debug_abbrev  0x00000ee2      0x22e ./src/tsl2651.o
 .debug_abbrev  0x00001110      0x1b0 ./emlib/em_adc.o
 .debug_abbrev  0x000012c0      0x2f8 ./emlib/em_cmu.o
 .debug_abbrev  0x000015b8      0x23b ./emlib/em_dma.o
 .debug_abbrev  0x000017f3      0x254 ./emlib/em_emu.o
 .debug_abbrev  0x00001a47      0x1cf ./emlib/em_gpio.o
 .debug_abbrev  0x00001c16      0x24c ./emlib/em_i2c.o
 .debug_abbrev  0x00001e62       0x5c ./emlib/em_int.o
 .debug_abbrev  0x00001ebe      0x1a3 ./emlib/em_letimer.o
 .debug_abbrev  0x00002061       0xef ./emlib/em_system.o
 .debug_abbrev  0x00002150      0x19b ./emlib/em_timer.o
 .debug_abbrev  0x000022eb       0x14 ./CMSIS/efm32lg/startup_gcc_efm32lg.o
 .debug_abbrev  0x000022ff      0x16d ./CMSIS/efm32lg/system_efm32lg.o

.debug_loc      0x00000000     0x2910
 .debug_loc     0x00000000      0x118 ./src/GPIO.o
 .debug_loc     0x00000118      0x25c ./src/LETimer.o
 .debug_loc     0x00000374       0xf4 ./src/acmp.o
 .debug_loc     0x00000468       0x38 ./src/adc.o
 .debug_loc     0x000004a0      0x138 ./src/clock.o
 .debug_loc     0x000005d8       0x70 ./src/dma.o
 .debug_loc     0x00000648      0x144 ./src/i2c.o
 .debug_loc     0x0000078c       0x70 ./src/main.o
 .debug_loc     0x000007fc      0x12c ./src/sleep.o
 .debug_loc     0x00000928      0x318 ./src/tsl2651.o
 .debug_loc     0x00000c40      0x188 ./emlib/em_adc.o
 .debug_loc     0x00000dc8      0x8d0 ./emlib/em_cmu.o
 .debug_loc     0x00001698      0x498 ./emlib/em_dma.o
 .debug_loc     0x00001b30      0x3b4 ./emlib/em_emu.o
 .debug_loc     0x00001ee4      0x268 ./emlib/em_gpio.o
 .debug_loc     0x0000214c      0x1f8 ./emlib/em_i2c.o
 .debug_loc     0x00002344      0x1c0 ./emlib/em_letimer.o
 .debug_loc     0x00002504       0x70 ./emlib/em_system.o
 .debug_loc     0x00002574      0x188 ./emlib/em_timer.o
 .debug_loc     0x000026fc      0x214 ./CMSIS/efm32lg/system_efm32lg.o

.debug_aranges  0x00000000      0x848
 .debug_aranges
                0x00000000       0x40 ./src/GPIO.o
 .debug_aranges
                0x00000040       0x70 ./src/LETimer.o
 .debug_aranges
                0x000000b0       0x40 ./src/acmp.o
 .debug_aranges
                0x000000f0       0x20 ./src/adc.o
 .debug_aranges
                0x00000110       0x48 ./src/clock.o
 .debug_aranges
                0x00000158       0x28 ./src/dma.o
 .debug_aranges
                0x00000180       0x18 ./src/dmactrl.o
 .debug_aranges
                0x00000198       0x48 ./src/i2c.o
 .debug_aranges
                0x000001e0       0x28 ./src/main.o
 .debug_aranges
                0x00000208       0x48 ./src/sleep.o
 .debug_aranges
                0x00000250       0x90 ./src/tsl2651.o
 .debug_aranges
                0x000002e0       0x50 ./emlib/em_adc.o
 .debug_aranges
                0x00000330      0x168 ./emlib/em_cmu.o
 .debug_aranges
                0x00000498       0xc0 ./emlib/em_dma.o
 .debug_aranges
                0x00000558       0xa8 ./emlib/em_emu.o
 .debug_aranges
                0x00000600       0x70 ./emlib/em_gpio.o
 .debug_aranges
                0x00000670       0x60 ./emlib/em_i2c.o
 .debug_aranges
                0x000006d0       0x18 ./emlib/em_int.o
 .debug_aranges
                0x000006e8       0x58 ./emlib/em_letimer.o
 .debug_aranges
                0x00000740       0x28 ./emlib/em_system.o
 .debug_aranges
                0x00000768       0x50 ./emlib/em_timer.o
 .debug_aranges
                0x000007b8       0x20 ./CMSIS/efm32lg/startup_gcc_efm32lg.o
 .debug_aranges
                0x000007d8       0x70 ./CMSIS/efm32lg/system_efm32lg.o

.debug_ranges   0x00000000      0x6b8
 .debug_ranges  0x00000000       0x30 ./src/GPIO.o
 .debug_ranges  0x00000030       0x60 ./src/LETimer.o
 .debug_ranges  0x00000090       0x30 ./src/acmp.o
 .debug_ranges  0x000000c0       0x10 ./src/adc.o
 .debug_ranges  0x000000d0       0x38 ./src/clock.o
 .debug_ranges  0x00000108       0x18 ./src/dma.o
 .debug_ranges  0x00000120       0x38 ./src/i2c.o
 .debug_ranges  0x00000158       0x18 ./src/main.o
 .debug_ranges  0x00000170       0x38 ./src/sleep.o
 .debug_ranges  0x000001a8       0x80 ./src/tsl2651.o
 .debug_ranges  0x00000228       0x40 ./emlib/em_adc.o
 .debug_ranges  0x00000268      0x158 ./emlib/em_cmu.o
 .debug_ranges  0x000003c0       0xb0 ./emlib/em_dma.o
 .debug_ranges  0x00000470       0x98 ./emlib/em_emu.o
 .debug_ranges  0x00000508       0x60 ./emlib/em_gpio.o
 .debug_ranges  0x00000568       0x50 ./emlib/em_i2c.o
 .debug_ranges  0x000005b8       0x48 ./emlib/em_letimer.o
 .debug_ranges  0x00000600       0x18 ./emlib/em_system.o
 .debug_ranges  0x00000618       0x40 ./emlib/em_timer.o
 .debug_ranges  0x00000658       0x60 ./CMSIS/efm32lg/system_efm32lg.o

.debug_line     0x00000000     0x4637
 .debug_line    0x00000000      0x2ab ./src/GPIO.o
 .debug_line    0x000002ab      0x44b ./src/LETimer.o
 .debug_line    0x000006f6      0x287 ./src/acmp.o
 .debug_line    0x0000097d      0x204 ./src/adc.o
 .debug_line    0x00000b81      0x2bb ./src/clock.o
 .debug_line    0x00000e3c      0x290 ./src/dma.o
 .debug_line    0x000010cc      0x16f ./src/dmactrl.o
 .debug_line    0x0000123b      0x296 ./src/i2c.o
 .debug_line    0x000014d1      0x1c2 ./src/main.o
 .debug_line    0x00001693      0x20b ./src/sleep.o
 .debug_line    0x0000189e      0x3dc ./src/tsl2651.o
 .debug_line    0x00001c7a      0x2ec ./emlib/em_adc.o
 .debug_line    0x00001f66      0x930 ./emlib/em_cmu.o
 .debug_line    0x00002896      0x4bc ./emlib/em_dma.o
 .debug_line    0x00002d52      0x47d ./emlib/em_emu.o
 .debug_line    0x000031cf      0x348 ./emlib/em_gpio.o
 .debug_line    0x00003517      0x3b3 ./emlib/em_i2c.o
 .debug_line    0x000038ca       0xf6 ./emlib/em_int.o
 .debug_line    0x000039c0      0x2d7 ./emlib/em_letimer.o
 .debug_line    0x00003c97      0x213 ./emlib/em_system.o
 .debug_line    0x00003eaa      0x4a3 ./emlib/em_timer.o
 .debug_line    0x0000434d       0x72 ./CMSIS/efm32lg/startup_gcc_efm32lg.o
 .debug_line    0x000043bf      0x278 ./CMSIS/efm32lg/system_efm32lg.o

.debug_str      0x00000000     0x3e2a
 .debug_str     0x00000000      0x76b ./src/GPIO.o
                                0x7b1 (size before relaxing)
 .debug_str     0x0000076b      0xa7b ./src/LETimer.o
                                0xfe5 (size before relaxing)
 .debug_str     0x000011e6      0x11e ./src/acmp.o
                                0x7ff (size before relaxing)
 .debug_str     0x00001304      0x5f7 ./src/adc.o
                                0xacd (size before relaxing)
 .debug_str     0x000018fb      0x25d ./src/clock.o
                                0x8e5 (size before relaxing)
 .debug_str     0x00001b58      0x2a6 ./src/dma.o
                                0x74c (size before relaxing)
 .debug_str     0x00001dfe       0x11 ./src/dmactrl.o
                                0x207 (size before relaxing)
 .debug_str     0x00001e0f      0x2a2 ./src/i2c.o
                                0x741 (size before relaxing)
 .debug_str     0x000020b1       0x5d ./src/main.o
                                0x24a (size before relaxing)
 .debug_str     0x0000210e       0xad ./src/sleep.o
                                0x2e4 (size before relaxing)
 .debug_str     0x000021bb      0x138 ./src/tsl2651.o
                                0x8fe (size before relaxing)
 .debug_str     0x000022f3      0x145 ./emlib/em_adc.o
                                0xbaa (size before relaxing)
 .debug_str     0x00002438      0x89c ./emlib/em_cmu.o
                                0xf8d (size before relaxing)
 .debug_str     0x00002cd4      0x39b ./emlib/em_dma.o
                                0xd49 (size before relaxing)
 .debug_str     0x0000306f      0x425 ./emlib/em_emu.o
                                0x81d (size before relaxing)
 .debug_str     0x00003494       0xe8 ./emlib/em_gpio.o
                                0x5d5 (size before relaxing)
 .debug_str     0x0000357c      0x1c3 ./emlib/em_i2c.o
                                0x7cc (size before relaxing)
 .debug_str     0x0000373f       0x12 ./emlib/em_int.o
                                0x1d5 (size before relaxing)
 .debug_str     0x00003751       0xb3 ./emlib/em_letimer.o
                                0x417 (size before relaxing)
 .debug_str     0x00003804       0x7b ./emlib/em_system.o
                                0x2a7 (size before relaxing)
 .debug_str     0x0000387f      0x49f ./emlib/em_timer.o
                                0x95d (size before relaxing)
 .debug_str     0x00003d1e      0x10c ./CMSIS/efm32lg/system_efm32lg.o
                                0x484 (size before relaxing)

.debug_frame    0x00000000     0x17f8
 .debug_frame   0x00000000       0xa4 ./src/GPIO.o
 .debug_frame   0x000000a4      0x150 ./src/LETimer.o
 .debug_frame   0x000001f4       0x98 ./src/acmp.o
 .debug_frame   0x0000028c       0x30 ./src/adc.o
 .debug_frame   0x000002bc       0xbc ./src/clock.o
 .debug_frame   0x00000378       0x50 ./src/dma.o
 .debug_frame   0x000003c8       0xc4 ./src/i2c.o
 .debug_frame   0x0000048c       0x50 ./src/main.o
 .debug_frame   0x000004dc       0xb8 ./src/sleep.o
 .debug_frame   0x00000594      0x1bc ./src/tsl2651.o
 .debug_frame   0x00000750       0xec ./emlib/em_adc.o
 .debug_frame   0x0000083c      0x4dc ./emlib/em_cmu.o
 .debug_frame   0x00000d18      0x27c ./emlib/em_dma.o
 .debug_frame   0x00000f94      0x210 ./emlib/em_emu.o
 .debug_frame   0x000011a4      0x154 ./emlib/em_gpio.o
 .debug_frame   0x000012f8      0x120 ./emlib/em_i2c.o
 .debug_frame   0x00001418       0xf4 ./emlib/em_letimer.o
 .debug_frame   0x0000150c       0x48 ./emlib/em_system.o
 .debug_frame   0x00001554       0xd8 ./emlib/em_timer.o
 .debug_frame   0x0000162c      0x138 ./CMSIS/efm32lg/system_efm32lg.o
 .debug_frame   0x00001764       0x28 c:/siliconlabs/simplicitystudio/v3/developer/toolchains/gnu_arm/4.8_2013q4/bin/../lib/gcc/arm-none-eabi/4.8.3/../../../../arm-none-eabi/lib/armv7-m\libc_s.a(lib_a-exit.o)
 .debug_frame   0x0000178c       0x2c c:/siliconlabs/simplicitystudio/v3/developer/toolchains/gnu_arm/4.8_2013q4/bin/../lib/gcc/arm-none-eabi/4.8.3/../../../../arm-none-eabi/lib/armv7-m\libc_s.a(lib_a-init.o)
 .debug_frame   0x000017b8       0x20 c:/siliconlabs/simplicitystudio/v3/developer/toolchains/gnu_arm/4.8_2013q4/bin/../lib/gcc/arm-none-eabi/4.8.3/../../../../arm-none-eabi/lib/armv7-m\libc_s.a(lib_a-memset.o)
 .debug_frame   0x000017d8       0x20 c:/siliconlabs/simplicitystudio/v3/developer/toolchains/gnu_arm/4.8_2013q4/bin/../lib/gcc/arm-none-eabi/4.8.3/../../../../arm-none-eabi/lib/armv7-m\libnosys.a(_exit.o)
